// Jest Snapshot v1, https://goo.gl/fbAQLP

exports[`Button component Button components renders initially 1`] = `
<button
  className="dog-btn"
  onClick={[Function]}
>
  Get Random Doggo
</button>
`;
